Copyright 1986-2017 Xilinx, Inc. All Rights Reserved.
-----------------------------------------------------------------------------------------------------------------------------------------------
| Tool Version : Vivado v.2017.3 (win64) Build 2018833 Wed Oct  4 19:58:22 MDT 2017
| Date         : Wed Dec  6 11:02:44 2017
| Host         : Adoney running 64-bit major release  (build 9200)
| Command      : report_timing_summary -file SPACE_GAME_timing_summary_routed.rpt -warn_on_violation -rpx SPACE_GAME_timing_summary_routed.rpx
| Design       : SPACE_GAME
| Device       : 7a100t-csg324
| Speed File   : -1  PRODUCTION 1.19 2017-08-11
-----------------------------------------------------------------------------------------------------------------------------------------------

Timing Summary Report

------------------------------------------------------------------------------------------------
| Timer Settings
| --------------
------------------------------------------------------------------------------------------------

  Enable Multi Corner Analysis               :  Yes
  Enable Pessimism Removal                   :  Yes
  Pessimism Removal Resolution               :  Nearest Common Node
  Enable Input Delay Default Clock           :  No
  Enable Preset / Clear Arcs                 :  No
  Disable Flight Delays                      :  No
  Ignore I/O Paths                           :  No
  Timing Early Launch at Borrowing Latches   :  false

  Corner  Analyze    Analyze    
  Name    Max Paths  Min Paths  
  ------  ---------  ---------  
  Slow    Yes        Yes        
  Fast    Yes        Yes        



check_timing report

Table of Contents
-----------------
1. checking no_clock
2. checking constant_clock
3. checking pulse_width_clock
4. checking unconstrained_internal_endpoints
5. checking no_input_delay
6. checking no_output_delay
7. checking multiple_clock
8. checking generated_clocks
9. checking loops
10. checking partial_input_delay
11. checking partial_output_delay
12. checking latch_loops

1. checking no_clock
--------------------
 There are 17 register/latch pins with no clock driven by root clock pin: RESET (HIGH)

 There are 17 register/latch pins with no clock driven by root clock pin: A1/OB_EN2/P[0] (HIGH)

 There are 17 register/latch pins with no clock driven by root clock pin: A1/OB_EN2/P[1] (HIGH)

 There are 17 register/latch pins with no clock driven by root clock pin: A1/OB_EN2/P[2] (HIGH)

 There are 17 register/latch pins with no clock driven by root clock pin: A1/OB_EN2/P[3] (HIGH)

 There are 17 register/latch pins with no clock driven by root clock pin: A1/OB_EN2/P[4] (HIGH)

 There are 17 register/latch pins with no clock driven by root clock pin: A1/OB_EN2/P[5] (HIGH)

 There are 17 register/latch pins with no clock driven by root clock pin: A1/OB_EN2/P[6] (HIGH)

 There are 17 register/latch pins with no clock driven by root clock pin: A1/OB_EN2/P[7] (HIGH)

 There are 17 register/latch pins with no clock driven by root clock pin: A1/OB_EN2/P[8] (HIGH)

 There are 17 register/latch pins with no clock driven by root clock pin: A1/OB_EN2/P[9] (HIGH)

 There are 17 register/latch pins with no clock driven by root clock pin: A1/OB_EN3/P[0] (HIGH)

 There are 17 register/latch pins with no clock driven by root clock pin: A1/OB_EN3/P[1] (HIGH)

 There are 17 register/latch pins with no clock driven by root clock pin: A1/OB_EN3/P[2] (HIGH)

 There are 17 register/latch pins with no clock driven by root clock pin: A1/OB_EN3/P[3] (HIGH)

 There are 17 register/latch pins with no clock driven by root clock pin: A1/OB_EN3/P[4] (HIGH)

 There are 17 register/latch pins with no clock driven by root clock pin: A1/OB_EN3/P[5] (HIGH)

 There are 17 register/latch pins with no clock driven by root clock pin: A1/OB_EN3/P[6] (HIGH)

 There are 17 register/latch pins with no clock driven by root clock pin: A1/OB_EN3/P[7] (HIGH)

 There are 17 register/latch pins with no clock driven by root clock pin: A1/OB_EN3/P[8] (HIGH)

 There are 17 register/latch pins with no clock driven by root clock pin: A1/OB_EN3/P[9] (HIGH)

 There are 17 register/latch pins with no clock driven by root clock pin: A2/OB_EN2/P[0] (HIGH)

 There are 17 register/latch pins with no clock driven by root clock pin: A2/OB_EN2/P[1] (HIGH)

 There are 17 register/latch pins with no clock driven by root clock pin: A2/OB_EN2/P[2] (HIGH)

 There are 17 register/latch pins with no clock driven by root clock pin: A2/OB_EN2/P[3] (HIGH)

 There are 17 register/latch pins with no clock driven by root clock pin: A2/OB_EN2/P[4] (HIGH)

 There are 17 register/latch pins with no clock driven by root clock pin: A2/OB_EN2/P[5] (HIGH)

 There are 17 register/latch pins with no clock driven by root clock pin: A2/OB_EN2/P[6] (HIGH)

 There are 17 register/latch pins with no clock driven by root clock pin: A2/OB_EN2/P[7] (HIGH)

 There are 17 register/latch pins with no clock driven by root clock pin: A2/OB_EN2/P[8] (HIGH)

 There are 17 register/latch pins with no clock driven by root clock pin: A2/OB_EN2/P[9] (HIGH)

 There are 17 register/latch pins with no clock driven by root clock pin: A2/OB_EN3/P[0] (HIGH)

 There are 17 register/latch pins with no clock driven by root clock pin: A2/OB_EN3/P[1] (HIGH)

 There are 17 register/latch pins with no clock driven by root clock pin: A2/OB_EN3/P[2] (HIGH)

 There are 17 register/latch pins with no clock driven by root clock pin: A2/OB_EN3/P[3] (HIGH)

 There are 17 register/latch pins with no clock driven by root clock pin: A2/OB_EN3/P[4] (HIGH)

 There are 17 register/latch pins with no clock driven by root clock pin: A2/OB_EN3/P[5] (HIGH)

 There are 17 register/latch pins with no clock driven by root clock pin: A2/OB_EN3/P[6] (HIGH)

 There are 17 register/latch pins with no clock driven by root clock pin: A2/OB_EN3/P[7] (HIGH)

 There are 17 register/latch pins with no clock driven by root clock pin: A2/OB_EN3/P[8] (HIGH)

 There are 17 register/latch pins with no clock driven by root clock pin: A2/OB_EN3/P[9] (HIGH)

 There are 17 register/latch pins with no clock driven by root clock pin: BA1/OB_X_MOVE_UPDATE_reg[0]/Q (HIGH)

 There are 17 register/latch pins with no clock driven by root clock pin: BA1/OB_X_MOVE_UPDATE_reg[1]/Q (HIGH)

 There are 17 register/latch pins with no clock driven by root clock pin: BA1/OB_X_MOVE_UPDATE_reg[2]/Q (HIGH)

 There are 17 register/latch pins with no clock driven by root clock pin: BA1/OB_X_MOVE_UPDATE_reg[3]/Q (HIGH)

 There are 17 register/latch pins with no clock driven by root clock pin: BA1/OB_X_MOVE_UPDATE_reg[4]/Q (HIGH)

 There are 17 register/latch pins with no clock driven by root clock pin: BA1/OB_X_MOVE_UPDATE_reg[5]/Q (HIGH)

 There are 17 register/latch pins with no clock driven by root clock pin: BA1/OB_X_MOVE_UPDATE_reg[6]/Q (HIGH)

 There are 17 register/latch pins with no clock driven by root clock pin: BA1/OB_X_MOVE_UPDATE_reg[7]/Q (HIGH)

 There are 17 register/latch pins with no clock driven by root clock pin: BA1/OB_X_MOVE_UPDATE_reg[8]/Q (HIGH)

 There are 17 register/latch pins with no clock driven by root clock pin: BA1/OB_X_MOVE_UPDATE_reg[9]/Q (HIGH)

 There are 17 register/latch pins with no clock driven by root clock pin: BA1/OB_Y_MOVE_UPDATE_reg[0]/Q (HIGH)

 There are 17 register/latch pins with no clock driven by root clock pin: BA1/OB_Y_MOVE_UPDATE_reg[1]/Q (HIGH)

 There are 17 register/latch pins with no clock driven by root clock pin: BA1/OB_Y_MOVE_UPDATE_reg[2]/Q (HIGH)

 There are 17 register/latch pins with no clock driven by root clock pin: BA1/OB_Y_MOVE_UPDATE_reg[3]/Q (HIGH)

 There are 17 register/latch pins with no clock driven by root clock pin: BA1/OB_Y_MOVE_UPDATE_reg[4]/Q (HIGH)

 There are 17 register/latch pins with no clock driven by root clock pin: BA1/OB_Y_MOVE_UPDATE_reg[5]/Q (HIGH)

 There are 17 register/latch pins with no clock driven by root clock pin: BA1/OB_Y_MOVE_UPDATE_reg[6]/Q (HIGH)

 There are 17 register/latch pins with no clock driven by root clock pin: BA1/OB_Y_MOVE_UPDATE_reg[7]/Q (HIGH)

 There are 17 register/latch pins with no clock driven by root clock pin: BA1/OB_Y_MOVE_UPDATE_reg[8]/Q (HIGH)

 There are 17 register/latch pins with no clock driven by root clock pin: BA1/OB_Y_MOVE_UPDATE_reg[9]/Q (HIGH)

 There are 17 register/latch pins with no clock driven by root clock pin: BA2/OB_X_MOVE_UPDATE_reg[1]/Q (HIGH)

 There are 17 register/latch pins with no clock driven by root clock pin: BA2/OB_X_MOVE_UPDATE_reg[2]/Q (HIGH)

 There are 17 register/latch pins with no clock driven by root clock pin: BA2/OB_X_MOVE_UPDATE_reg[3]/Q (HIGH)

 There are 17 register/latch pins with no clock driven by root clock pin: BA2/OB_X_MOVE_UPDATE_reg[4]/Q (HIGH)

 There are 17 register/latch pins with no clock driven by root clock pin: BA2/OB_X_MOVE_UPDATE_reg[5]/Q (HIGH)

 There are 17 register/latch pins with no clock driven by root clock pin: BA2/OB_X_MOVE_UPDATE_reg[6]/Q (HIGH)

 There are 17 register/latch pins with no clock driven by root clock pin: BA2/OB_X_MOVE_UPDATE_reg[7]/Q (HIGH)

 There are 17 register/latch pins with no clock driven by root clock pin: BA2/OB_X_MOVE_UPDATE_reg[8]/Q (HIGH)

 There are 17 register/latch pins with no clock driven by root clock pin: BA2/OB_X_MOVE_UPDATE_reg[9]/Q (HIGH)

 There are 17 register/latch pins with no clock driven by root clock pin: BA2/OB_Y_MOVE_UPDATE_reg[0]/Q (HIGH)

 There are 17 register/latch pins with no clock driven by root clock pin: BA2/OB_Y_MOVE_UPDATE_reg[1]/Q (HIGH)

 There are 17 register/latch pins with no clock driven by root clock pin: BA2/OB_Y_MOVE_UPDATE_reg[2]/Q (HIGH)

 There are 17 register/latch pins with no clock driven by root clock pin: BA2/OB_Y_MOVE_UPDATE_reg[3]/Q (HIGH)

 There are 17 register/latch pins with no clock driven by root clock pin: BA2/OB_Y_MOVE_UPDATE_reg[4]/Q (HIGH)

 There are 17 register/latch pins with no clock driven by root clock pin: BA2/OB_Y_MOVE_UPDATE_reg[5]/Q (HIGH)

 There are 17 register/latch pins with no clock driven by root clock pin: BA2/OB_Y_MOVE_UPDATE_reg[6]/Q (HIGH)

 There are 17 register/latch pins with no clock driven by root clock pin: BA2/OB_Y_MOVE_UPDATE_reg[7]/Q (HIGH)

 There are 17 register/latch pins with no clock driven by root clock pin: BA2/OB_Y_MOVE_UPDATE_reg[8]/Q (HIGH)

 There are 17 register/latch pins with no clock driven by root clock pin: BA2/OB_Y_MOVE_UPDATE_reg[9]/Q (HIGH)

 There are 17 register/latch pins with no clock driven by root clock pin: BA3/OB_EN2/P[0] (HIGH)

 There are 17 register/latch pins with no clock driven by root clock pin: BA3/OB_EN2/P[1] (HIGH)

 There are 17 register/latch pins with no clock driven by root clock pin: BA3/OB_EN2/P[2] (HIGH)

 There are 17 register/latch pins with no clock driven by root clock pin: BA3/OB_EN2/P[3] (HIGH)

 There are 17 register/latch pins with no clock driven by root clock pin: BA3/OB_EN2/P[4] (HIGH)

 There are 17 register/latch pins with no clock driven by root clock pin: BA3/OB_EN2/P[5] (HIGH)

 There are 17 register/latch pins with no clock driven by root clock pin: BA3/OB_EN2/P[6] (HIGH)

 There are 17 register/latch pins with no clock driven by root clock pin: BA3/OB_EN2/P[7] (HIGH)

 There are 17 register/latch pins with no clock driven by root clock pin: BA3/OB_EN2/P[8] (HIGH)

 There are 17 register/latch pins with no clock driven by root clock pin: BA3/OB_EN2/P[9] (HIGH)

 There are 17 register/latch pins with no clock driven by root clock pin: BA3/OB_X_MOVE_UPDATE_reg[1]/Q (HIGH)

 There are 17 register/latch pins with no clock driven by root clock pin: BA3/OB_X_MOVE_UPDATE_reg[2]/Q (HIGH)

 There are 17 register/latch pins with no clock driven by root clock pin: BA3/OB_X_MOVE_UPDATE_reg[3]/Q (HIGH)

 There are 17 register/latch pins with no clock driven by root clock pin: BA3/OB_X_MOVE_UPDATE_reg[4]/Q (HIGH)

 There are 17 register/latch pins with no clock driven by root clock pin: BA3/OB_X_MOVE_UPDATE_reg[5]/Q (HIGH)

 There are 17 register/latch pins with no clock driven by root clock pin: BA3/OB_X_MOVE_UPDATE_reg[6]/Q (HIGH)

 There are 17 register/latch pins with no clock driven by root clock pin: BA3/OB_X_MOVE_UPDATE_reg[7]/Q (HIGH)

 There are 17 register/latch pins with no clock driven by root clock pin: BA3/OB_X_MOVE_UPDATE_reg[8]/Q (HIGH)

 There are 17 register/latch pins with no clock driven by root clock pin: BA3/OB_X_MOVE_UPDATE_reg[9]/Q (HIGH)

 There are 5 register/latch pins with no clock driven by root clock pin: BLUE_ALIEN_1/FSM_sequential_CS_reg[0]/Q (HIGH)

 There are 5 register/latch pins with no clock driven by root clock pin: BLUE_ALIEN_1/FSM_sequential_CS_reg[1]/Q (HIGH)

 There are 5 register/latch pins with no clock driven by root clock pin: BLUE_ALIEN_1/FSM_sequential_CS_reg[2]/Q (HIGH)

 There are 5 register/latch pins with no clock driven by root clock pin: BLUE_ALIEN_1/FSM_sequential_CS_reg[3]/Q (HIGH)

 There are 5 register/latch pins with no clock driven by root clock pin: BLUE_ALIEN_1/FSM_sequential_CS_reg[4]/Q (HIGH)

 There are 6 register/latch pins with no clock driven by root clock pin: BLUE_ALIEN_2/FSM_onehot_CS_reg[0]/Q (HIGH)

 There are 6 register/latch pins with no clock driven by root clock pin: BLUE_ALIEN_2/FSM_onehot_CS_reg[1]/Q (HIGH)

 There are 6 register/latch pins with no clock driven by root clock pin: BLUE_ALIEN_2/FSM_onehot_CS_reg[2]/Q (HIGH)

 There are 6 register/latch pins with no clock driven by root clock pin: BLUE_ALIEN_2/FSM_onehot_CS_reg[3]/Q (HIGH)

 There are 3 register/latch pins with no clock driven by root clock pin: BLUE_ALIEN_3/CS_reg[0]/Q (HIGH)

 There are 3 register/latch pins with no clock driven by root clock pin: BLUE_ALIEN_3/CS_reg[1]/Q (HIGH)

 There are 17 register/latch pins with no clock driven by root clock pin: BULLET/OB_X_MOVE_UPDATE_reg[3]/Q (HIGH)

 There are 17 register/latch pins with no clock driven by root clock pin: BULLET/OB_X_MOVE_UPDATE_reg[4]/Q (HIGH)

 There are 17 register/latch pins with no clock driven by root clock pin: BULLET/OB_X_MOVE_UPDATE_reg[5]/Q (HIGH)

 There are 17 register/latch pins with no clock driven by root clock pin: BULLET/OB_X_MOVE_UPDATE_reg[6]/Q (HIGH)

 There are 17 register/latch pins with no clock driven by root clock pin: BULLET/OB_X_MOVE_UPDATE_reg[7]/Q (HIGH)

 There are 17 register/latch pins with no clock driven by root clock pin: BULLET/OB_X_MOVE_UPDATE_reg[8]/Q (HIGH)

 There are 17 register/latch pins with no clock driven by root clock pin: BULLET/OB_X_MOVE_UPDATE_reg[9]/Q (HIGH)

 There are 17 register/latch pins with no clock driven by root clock pin: EXPLOSION_B/OB_X_MOVE_UPDATE_reg[3]/Q (HIGH)

 There are 17 register/latch pins with no clock driven by root clock pin: EXPLOSION_B/OB_X_MOVE_UPDATE_reg[4]/Q (HIGH)

 There are 17 register/latch pins with no clock driven by root clock pin: EXPLOSION_B/OB_X_MOVE_UPDATE_reg[5]/Q (HIGH)

 There are 17 register/latch pins with no clock driven by root clock pin: EXPLOSION_B/OB_X_MOVE_UPDATE_reg[6]/Q (HIGH)

 There are 17 register/latch pins with no clock driven by root clock pin: EXPLOSION_B/OB_X_MOVE_UPDATE_reg[7]/Q (HIGH)

 There are 17 register/latch pins with no clock driven by root clock pin: EXPLOSION_B/OB_X_MOVE_UPDATE_reg[8]/Q (HIGH)

 There are 17 register/latch pins with no clock driven by root clock pin: EXPLOSION_B/OB_X_MOVE_UPDATE_reg[9]/Q (HIGH)

 There are 17 register/latch pins with no clock driven by root clock pin: EXPLOSION_SS/OB_X_MOVE_UPDATE_reg[1]/Q (HIGH)

 There are 17 register/latch pins with no clock driven by root clock pin: EXPLOSION_SS/OB_X_MOVE_UPDATE_reg[2]/Q (HIGH)

 There are 17 register/latch pins with no clock driven by root clock pin: EXPLOSION_SS/OB_X_MOVE_UPDATE_reg[3]/Q (HIGH)

 There are 17 register/latch pins with no clock driven by root clock pin: EXPLOSION_SS/OB_X_MOVE_UPDATE_reg[4]/Q (HIGH)

 There are 17 register/latch pins with no clock driven by root clock pin: EXPLOSION_SS/OB_X_MOVE_UPDATE_reg[5]/Q (HIGH)

 There are 17 register/latch pins with no clock driven by root clock pin: EXPLOSION_SS/OB_X_MOVE_UPDATE_reg[6]/Q (HIGH)

 There are 17 register/latch pins with no clock driven by root clock pin: EXPLOSION_SS/OB_X_MOVE_UPDATE_reg[7]/Q (HIGH)

 There are 17 register/latch pins with no clock driven by root clock pin: EXPLOSION_SS/OB_X_MOVE_UPDATE_reg[8]/Q (HIGH)

 There are 17 register/latch pins with no clock driven by root clock pin: EXPLOSION_SS/OB_X_MOVE_UPDATE_reg[9]/Q (HIGH)

 There are 17 register/latch pins with no clock driven by root clock pin: EXPLOSION_SS/OB_Y_MOVE_UPDATE_reg[1]/Q (HIGH)

 There are 17 register/latch pins with no clock driven by root clock pin: EXPLOSION_SS/OB_Y_MOVE_UPDATE_reg[2]/Q (HIGH)

 There are 17 register/latch pins with no clock driven by root clock pin: EXPLOSION_SS/OB_Y_MOVE_UPDATE_reg[3]/Q (HIGH)

 There are 17 register/latch pins with no clock driven by root clock pin: EXPLOSION_SS/OB_Y_MOVE_UPDATE_reg[4]/Q (HIGH)

 There are 17 register/latch pins with no clock driven by root clock pin: EXPLOSION_SS/OB_Y_MOVE_UPDATE_reg[5]/Q (HIGH)

 There are 17 register/latch pins with no clock driven by root clock pin: EXPLOSION_SS/OB_Y_MOVE_UPDATE_reg[6]/Q (HIGH)

 There are 17 register/latch pins with no clock driven by root clock pin: EXPLOSION_SS/OB_Y_MOVE_UPDATE_reg[7]/Q (HIGH)

 There are 17 register/latch pins with no clock driven by root clock pin: EXPLOSION_SS/OB_Y_MOVE_UPDATE_reg[8]/Q (HIGH)

 There are 17 register/latch pins with no clock driven by root clock pin: EXPLOSION_SS/OB_Y_MOVE_UPDATE_reg[9]/Q (HIGH)

 There are 17 register/latch pins with no clock driven by root clock pin: G/OB_EN2/P[0] (HIGH)

 There are 17 register/latch pins with no clock driven by root clock pin: G/OB_EN2/P[1] (HIGH)

 There are 17 register/latch pins with no clock driven by root clock pin: G/OB_EN2/P[2] (HIGH)

 There are 17 register/latch pins with no clock driven by root clock pin: G/OB_EN2/P[3] (HIGH)

 There are 17 register/latch pins with no clock driven by root clock pin: G/OB_EN2/P[4] (HIGH)

 There are 17 register/latch pins with no clock driven by root clock pin: G/OB_EN2/P[5] (HIGH)

 There are 17 register/latch pins with no clock driven by root clock pin: G/OB_EN2/P[6] (HIGH)

 There are 17 register/latch pins with no clock driven by root clock pin: G/OB_EN2/P[7] (HIGH)

 There are 17 register/latch pins with no clock driven by root clock pin: G/OB_EN2/P[8] (HIGH)

 There are 17 register/latch pins with no clock driven by root clock pin: G/OB_EN2/P[9] (HIGH)

 There are 17 register/latch pins with no clock driven by root clock pin: G/OB_EN3/P[0] (HIGH)

 There are 17 register/latch pins with no clock driven by root clock pin: G/OB_EN3/P[1] (HIGH)

 There are 17 register/latch pins with no clock driven by root clock pin: G/OB_EN3/P[2] (HIGH)

 There are 17 register/latch pins with no clock driven by root clock pin: G/OB_EN3/P[3] (HIGH)

 There are 17 register/latch pins with no clock driven by root clock pin: G/OB_EN3/P[4] (HIGH)

 There are 17 register/latch pins with no clock driven by root clock pin: G/OB_EN3/P[5] (HIGH)

 There are 17 register/latch pins with no clock driven by root clock pin: G/OB_EN3/P[6] (HIGH)

 There are 17 register/latch pins with no clock driven by root clock pin: G/OB_EN3/P[7] (HIGH)

 There are 17 register/latch pins with no clock driven by root clock pin: G/OB_EN3/P[8] (HIGH)

 There are 17 register/latch pins with no clock driven by root clock pin: G/OB_EN3/P[9] (HIGH)

 There are 17 register/latch pins with no clock driven by root clock pin: GA1/OB_X_MOVE_UPDATE_reg[1]/Q (HIGH)

 There are 17 register/latch pins with no clock driven by root clock pin: GA1/OB_X_MOVE_UPDATE_reg[2]/Q (HIGH)

 There are 17 register/latch pins with no clock driven by root clock pin: GA1/OB_X_MOVE_UPDATE_reg[3]/Q (HIGH)

 There are 17 register/latch pins with no clock driven by root clock pin: GA1/OB_X_MOVE_UPDATE_reg[4]/Q (HIGH)

 There are 17 register/latch pins with no clock driven by root clock pin: GA1/OB_X_MOVE_UPDATE_reg[5]/Q (HIGH)

 There are 17 register/latch pins with no clock driven by root clock pin: GA1/OB_X_MOVE_UPDATE_reg[6]/Q (HIGH)

 There are 17 register/latch pins with no clock driven by root clock pin: GA1/OB_X_MOVE_UPDATE_reg[7]/Q (HIGH)

 There are 17 register/latch pins with no clock driven by root clock pin: GA1/OB_X_MOVE_UPDATE_reg[8]/Q (HIGH)

 There are 17 register/latch pins with no clock driven by root clock pin: GA1/OB_X_MOVE_UPDATE_reg[9]/Q (HIGH)

 There are 17 register/latch pins with no clock driven by root clock pin: GA1/OB_Y_MOVE_UPDATE_reg[1]/Q (HIGH)

 There are 17 register/latch pins with no clock driven by root clock pin: GA1/OB_Y_MOVE_UPDATE_reg[2]/Q (HIGH)

 There are 17 register/latch pins with no clock driven by root clock pin: GA1/OB_Y_MOVE_UPDATE_reg[3]/Q (HIGH)

 There are 17 register/latch pins with no clock driven by root clock pin: GA1/OB_Y_MOVE_UPDATE_reg[4]/Q (HIGH)

 There are 17 register/latch pins with no clock driven by root clock pin: GA1/OB_Y_MOVE_UPDATE_reg[5]/Q (HIGH)

 There are 17 register/latch pins with no clock driven by root clock pin: GA1/OB_Y_MOVE_UPDATE_reg[6]/Q (HIGH)

 There are 17 register/latch pins with no clock driven by root clock pin: GA1/OB_Y_MOVE_UPDATE_reg[7]/Q (HIGH)

 There are 17 register/latch pins with no clock driven by root clock pin: GA1/OB_Y_MOVE_UPDATE_reg[8]/Q (HIGH)

 There are 17 register/latch pins with no clock driven by root clock pin: GA1/OB_Y_MOVE_UPDATE_reg[9]/Q (HIGH)

 There are 17 register/latch pins with no clock driven by root clock pin: GA2/OB_X_MOVE_UPDATE_reg[1]/Q (HIGH)

 There are 17 register/latch pins with no clock driven by root clock pin: GA2/OB_X_MOVE_UPDATE_reg[2]/Q (HIGH)

 There are 17 register/latch pins with no clock driven by root clock pin: GA2/OB_X_MOVE_UPDATE_reg[3]/Q (HIGH)

 There are 17 register/latch pins with no clock driven by root clock pin: GA2/OB_X_MOVE_UPDATE_reg[4]/Q (HIGH)

 There are 17 register/latch pins with no clock driven by root clock pin: GA2/OB_X_MOVE_UPDATE_reg[5]/Q (HIGH)

 There are 17 register/latch pins with no clock driven by root clock pin: GA2/OB_X_MOVE_UPDATE_reg[6]/Q (HIGH)

 There are 17 register/latch pins with no clock driven by root clock pin: GA2/OB_X_MOVE_UPDATE_reg[7]/Q (HIGH)

 There are 17 register/latch pins with no clock driven by root clock pin: GA2/OB_X_MOVE_UPDATE_reg[8]/Q (HIGH)

 There are 17 register/latch pins with no clock driven by root clock pin: GA2/OB_X_MOVE_UPDATE_reg[9]/Q (HIGH)

 There are 17 register/latch pins with no clock driven by root clock pin: GA2/OB_Y_MOVE_UPDATE_reg[1]/Q (HIGH)

 There are 17 register/latch pins with no clock driven by root clock pin: GA2/OB_Y_MOVE_UPDATE_reg[2]/Q (HIGH)

 There are 17 register/latch pins with no clock driven by root clock pin: GA2/OB_Y_MOVE_UPDATE_reg[3]/Q (HIGH)

 There are 17 register/latch pins with no clock driven by root clock pin: GA2/OB_Y_MOVE_UPDATE_reg[4]/Q (HIGH)

 There are 17 register/latch pins with no clock driven by root clock pin: GA2/OB_Y_MOVE_UPDATE_reg[5]/Q (HIGH)

 There are 17 register/latch pins with no clock driven by root clock pin: GA2/OB_Y_MOVE_UPDATE_reg[6]/Q (HIGH)

 There are 17 register/latch pins with no clock driven by root clock pin: GA2/OB_Y_MOVE_UPDATE_reg[7]/Q (HIGH)

 There are 17 register/latch pins with no clock driven by root clock pin: GA2/OB_Y_MOVE_UPDATE_reg[8]/Q (HIGH)

 There are 17 register/latch pins with no clock driven by root clock pin: GA2/OB_Y_MOVE_UPDATE_reg[9]/Q (HIGH)

 There are 17 register/latch pins with no clock driven by root clock pin: GA3/OB_EN2/P[0] (HIGH)

 There are 17 register/latch pins with no clock driven by root clock pin: GA3/OB_EN2/P[1] (HIGH)

 There are 17 register/latch pins with no clock driven by root clock pin: GA3/OB_EN2/P[2] (HIGH)

 There are 17 register/latch pins with no clock driven by root clock pin: GA3/OB_EN2/P[3] (HIGH)

 There are 17 register/latch pins with no clock driven by root clock pin: GA3/OB_EN2/P[4] (HIGH)

 There are 17 register/latch pins with no clock driven by root clock pin: GA3/OB_EN2/P[5] (HIGH)

 There are 17 register/latch pins with no clock driven by root clock pin: GA3/OB_EN2/P[6] (HIGH)

 There are 17 register/latch pins with no clock driven by root clock pin: GA3/OB_EN2/P[7] (HIGH)

 There are 17 register/latch pins with no clock driven by root clock pin: GA3/OB_EN2/P[8] (HIGH)

 There are 17 register/latch pins with no clock driven by root clock pin: GA3/OB_EN2/P[9] (HIGH)

 There are 17 register/latch pins with no clock driven by root clock pin: GA3/OB_X_MOVE_UPDATE_reg[1]/Q (HIGH)

 There are 17 register/latch pins with no clock driven by root clock pin: GA3/OB_X_MOVE_UPDATE_reg[2]/Q (HIGH)

 There are 17 register/latch pins with no clock driven by root clock pin: GA3/OB_X_MOVE_UPDATE_reg[3]/Q (HIGH)

 There are 17 register/latch pins with no clock driven by root clock pin: GA3/OB_X_MOVE_UPDATE_reg[4]/Q (HIGH)

 There are 17 register/latch pins with no clock driven by root clock pin: GA3/OB_X_MOVE_UPDATE_reg[5]/Q (HIGH)

 There are 17 register/latch pins with no clock driven by root clock pin: GA3/OB_X_MOVE_UPDATE_reg[6]/Q (HIGH)

 There are 17 register/latch pins with no clock driven by root clock pin: GA3/OB_X_MOVE_UPDATE_reg[7]/Q (HIGH)

 There are 17 register/latch pins with no clock driven by root clock pin: GA3/OB_X_MOVE_UPDATE_reg[8]/Q (HIGH)

 There are 17 register/latch pins with no clock driven by root clock pin: GA3/OB_X_MOVE_UPDATE_reg[9]/Q (HIGH)

 There are 17 register/latch pins with no clock driven by root clock pin: GC/EN_reg[0]/Q (HIGH)

 There are 17 register/latch pins with no clock driven by root clock pin: GC/EN_reg[11]/Q (HIGH)

 There are 17 register/latch pins with no clock driven by root clock pin: GC/EN_reg[14]/Q (HIGH)

 There are 17 register/latch pins with no clock driven by root clock pin: GC/EN_reg[15]/Q (HIGH)

 There are 17 register/latch pins with no clock driven by root clock pin: GC/EN_reg[22]/Q (HIGH)

 There are 5 register/latch pins with no clock driven by root clock pin: GC/FSM_onehot_CS_reg[0]/Q (HIGH)

 There are 5 register/latch pins with no clock driven by root clock pin: GC/FSM_onehot_CS_reg[1]/Q (HIGH)

 There are 5 register/latch pins with no clock driven by root clock pin: GC/FSM_onehot_CS_reg[2]/Q (HIGH)

 There are 5 register/latch pins with no clock driven by root clock pin: GC/FSM_onehot_CS_reg[3]/Q (HIGH)

 There are 5 register/latch pins with no clock driven by root clock pin: GC/FSM_onehot_CS_reg[4]/Q (HIGH)

 There are 4 register/latch pins with no clock driven by root clock pin: GREEN_ALIEN_1/CS_reg[0]/Q (HIGH)

 There are 4 register/latch pins with no clock driven by root clock pin: GREEN_ALIEN_1/CS_reg[1]/Q (HIGH)

 There are 6 register/latch pins with no clock driven by root clock pin: GREEN_ALIEN_2/FSM_sequential_CS_reg[0]/Q (HIGH)

 There are 6 register/latch pins with no clock driven by root clock pin: GREEN_ALIEN_2/FSM_sequential_CS_reg[1]/Q (HIGH)

 There are 6 register/latch pins with no clock driven by root clock pin: GREEN_ALIEN_2/FSM_sequential_CS_reg[2]/Q (HIGH)

 There are 3 register/latch pins with no clock driven by root clock pin: GREEN_ALIEN_3/CS_reg[0]/Q (HIGH)

 There are 3 register/latch pins with no clock driven by root clock pin: GREEN_ALIEN_3/CS_reg[1]/Q (HIGH)

 There are 17 register/latch pins with no clock driven by root clock pin: L/OB_EN2/P[0] (HIGH)

 There are 17 register/latch pins with no clock driven by root clock pin: L/OB_EN2/P[1] (HIGH)

 There are 17 register/latch pins with no clock driven by root clock pin: L/OB_EN2/P[2] (HIGH)

 There are 17 register/latch pins with no clock driven by root clock pin: L/OB_EN2/P[3] (HIGH)

 There are 17 register/latch pins with no clock driven by root clock pin: L/OB_EN2/P[4] (HIGH)

 There are 17 register/latch pins with no clock driven by root clock pin: L/OB_EN2/P[5] (HIGH)

 There are 17 register/latch pins with no clock driven by root clock pin: L/OB_EN2/P[6] (HIGH)

 There are 17 register/latch pins with no clock driven by root clock pin: L/OB_EN2/P[7] (HIGH)

 There are 17 register/latch pins with no clock driven by root clock pin: L/OB_EN2/P[8] (HIGH)

 There are 17 register/latch pins with no clock driven by root clock pin: L/OB_EN2/P[9] (HIGH)

 There are 17 register/latch pins with no clock driven by root clock pin: L/OB_EN3/P[0] (HIGH)

 There are 17 register/latch pins with no clock driven by root clock pin: L/OB_EN3/P[1] (HIGH)

 There are 17 register/latch pins with no clock driven by root clock pin: L/OB_EN3/P[2] (HIGH)

 There are 17 register/latch pins with no clock driven by root clock pin: L/OB_EN3/P[3] (HIGH)

 There are 17 register/latch pins with no clock driven by root clock pin: L/OB_EN3/P[4] (HIGH)

 There are 17 register/latch pins with no clock driven by root clock pin: L/OB_EN3/P[5] (HIGH)

 There are 17 register/latch pins with no clock driven by root clock pin: L/OB_EN3/P[6] (HIGH)

 There are 17 register/latch pins with no clock driven by root clock pin: L/OB_EN3/P[7] (HIGH)

 There are 17 register/latch pins with no clock driven by root clock pin: L/OB_EN3/P[8] (HIGH)

 There are 17 register/latch pins with no clock driven by root clock pin: L/OB_EN3/P[9] (HIGH)

 There are 17 register/latch pins with no clock driven by root clock pin: PA1/OB_X_MOVE_UPDATE_reg[1]/Q (HIGH)

 There are 17 register/latch pins with no clock driven by root clock pin: PA1/OB_X_MOVE_UPDATE_reg[2]/Q (HIGH)

 There are 17 register/latch pins with no clock driven by root clock pin: PA1/OB_X_MOVE_UPDATE_reg[3]/Q (HIGH)

 There are 17 register/latch pins with no clock driven by root clock pin: PA1/OB_X_MOVE_UPDATE_reg[4]/Q (HIGH)

 There are 17 register/latch pins with no clock driven by root clock pin: PA1/OB_X_MOVE_UPDATE_reg[5]/Q (HIGH)

 There are 17 register/latch pins with no clock driven by root clock pin: PA1/OB_X_MOVE_UPDATE_reg[6]/Q (HIGH)

 There are 17 register/latch pins with no clock driven by root clock pin: PA1/OB_X_MOVE_UPDATE_reg[7]/Q (HIGH)

 There are 17 register/latch pins with no clock driven by root clock pin: PA1/OB_X_MOVE_UPDATE_reg[8]/Q (HIGH)

 There are 17 register/latch pins with no clock driven by root clock pin: PA1/OB_X_MOVE_UPDATE_reg[9]/Q (HIGH)

 There are 17 register/latch pins with no clock driven by root clock pin: PA1/OB_Y_MOVE_UPDATE_reg[1]/Q (HIGH)

 There are 17 register/latch pins with no clock driven by root clock pin: PA1/OB_Y_MOVE_UPDATE_reg[2]/Q (HIGH)

 There are 17 register/latch pins with no clock driven by root clock pin: PA1/OB_Y_MOVE_UPDATE_reg[3]/Q (HIGH)

 There are 17 register/latch pins with no clock driven by root clock pin: PA1/OB_Y_MOVE_UPDATE_reg[4]/Q (HIGH)

 There are 17 register/latch pins with no clock driven by root clock pin: PA1/OB_Y_MOVE_UPDATE_reg[5]/Q (HIGH)

 There are 17 register/latch pins with no clock driven by root clock pin: PA1/OB_Y_MOVE_UPDATE_reg[6]/Q (HIGH)

 There are 17 register/latch pins with no clock driven by root clock pin: PA1/OB_Y_MOVE_UPDATE_reg[7]/Q (HIGH)

 There are 17 register/latch pins with no clock driven by root clock pin: PA1/OB_Y_MOVE_UPDATE_reg[8]/Q (HIGH)

 There are 17 register/latch pins with no clock driven by root clock pin: PA1/OB_Y_MOVE_UPDATE_reg[9]/Q (HIGH)

 There are 17 register/latch pins with no clock driven by root clock pin: PA2/OB_X_MOVE_UPDATE_reg[1]/Q (HIGH)

 There are 17 register/latch pins with no clock driven by root clock pin: PA2/OB_X_MOVE_UPDATE_reg[2]/Q (HIGH)

 There are 17 register/latch pins with no clock driven by root clock pin: PA2/OB_X_MOVE_UPDATE_reg[3]/Q (HIGH)

 There are 17 register/latch pins with no clock driven by root clock pin: PA2/OB_X_MOVE_UPDATE_reg[4]/Q (HIGH)

 There are 17 register/latch pins with no clock driven by root clock pin: PA2/OB_X_MOVE_UPDATE_reg[5]/Q (HIGH)

 There are 17 register/latch pins with no clock driven by root clock pin: PA2/OB_X_MOVE_UPDATE_reg[6]/Q (HIGH)

 There are 17 register/latch pins with no clock driven by root clock pin: PA2/OB_X_MOVE_UPDATE_reg[7]/Q (HIGH)

 There are 17 register/latch pins with no clock driven by root clock pin: PA2/OB_X_MOVE_UPDATE_reg[8]/Q (HIGH)

 There are 17 register/latch pins with no clock driven by root clock pin: PA2/OB_X_MOVE_UPDATE_reg[9]/Q (HIGH)

 There are 17 register/latch pins with no clock driven by root clock pin: PA2/OB_Y_MOVE_UPDATE_reg[0]/Q (HIGH)

 There are 17 register/latch pins with no clock driven by root clock pin: PA2/OB_Y_MOVE_UPDATE_reg[1]/Q (HIGH)

 There are 17 register/latch pins with no clock driven by root clock pin: PA2/OB_Y_MOVE_UPDATE_reg[2]/Q (HIGH)

 There are 17 register/latch pins with no clock driven by root clock pin: PA2/OB_Y_MOVE_UPDATE_reg[3]/Q (HIGH)

 There are 17 register/latch pins with no clock driven by root clock pin: PA2/OB_Y_MOVE_UPDATE_reg[4]/Q (HIGH)

 There are 17 register/latch pins with no clock driven by root clock pin: PA2/OB_Y_MOVE_UPDATE_reg[5]/Q (HIGH)

 There are 17 register/latch pins with no clock driven by root clock pin: PA2/OB_Y_MOVE_UPDATE_reg[6]/Q (HIGH)

 There are 17 register/latch pins with no clock driven by root clock pin: PA2/OB_Y_MOVE_UPDATE_reg[7]/Q (HIGH)

 There are 17 register/latch pins with no clock driven by root clock pin: PA2/OB_Y_MOVE_UPDATE_reg[8]/Q (HIGH)

 There are 17 register/latch pins with no clock driven by root clock pin: PA2/OB_Y_MOVE_UPDATE_reg[9]/Q (HIGH)

 There are 17 register/latch pins with no clock driven by root clock pin: PA3/OB_EN2/P[0] (HIGH)

 There are 17 register/latch pins with no clock driven by root clock pin: PA3/OB_EN2/P[1] (HIGH)

 There are 17 register/latch pins with no clock driven by root clock pin: PA3/OB_EN2/P[2] (HIGH)

 There are 17 register/latch pins with no clock driven by root clock pin: PA3/OB_EN2/P[3] (HIGH)

 There are 17 register/latch pins with no clock driven by root clock pin: PA3/OB_EN2/P[4] (HIGH)

 There are 17 register/latch pins with no clock driven by root clock pin: PA3/OB_EN2/P[5] (HIGH)

 There are 17 register/latch pins with no clock driven by root clock pin: PA3/OB_EN2/P[6] (HIGH)

 There are 17 register/latch pins with no clock driven by root clock pin: PA3/OB_EN2/P[7] (HIGH)

 There are 17 register/latch pins with no clock driven by root clock pin: PA3/OB_EN2/P[8] (HIGH)

 There are 17 register/latch pins with no clock driven by root clock pin: PA3/OB_EN2/P[9] (HIGH)

 There are 17 register/latch pins with no clock driven by root clock pin: PA3/OB_X_MOVE_UPDATE_reg[1]/Q (HIGH)

 There are 17 register/latch pins with no clock driven by root clock pin: PA3/OB_X_MOVE_UPDATE_reg[2]/Q (HIGH)

 There are 17 register/latch pins with no clock driven by root clock pin: PA3/OB_X_MOVE_UPDATE_reg[3]/Q (HIGH)

 There are 17 register/latch pins with no clock driven by root clock pin: PA3/OB_X_MOVE_UPDATE_reg[4]/Q (HIGH)

 There are 17 register/latch pins with no clock driven by root clock pin: PA3/OB_X_MOVE_UPDATE_reg[5]/Q (HIGH)

 There are 17 register/latch pins with no clock driven by root clock pin: PA3/OB_X_MOVE_UPDATE_reg[6]/Q (HIGH)

 There are 17 register/latch pins with no clock driven by root clock pin: PA3/OB_X_MOVE_UPDATE_reg[7]/Q (HIGH)

 There are 17 register/latch pins with no clock driven by root clock pin: PA3/OB_X_MOVE_UPDATE_reg[8]/Q (HIGH)

 There are 17 register/latch pins with no clock driven by root clock pin: PA3/OB_X_MOVE_UPDATE_reg[9]/Q (HIGH)

 There are 4 register/latch pins with no clock driven by root clock pin: PURPLE_ALIEN_1/CS_reg[0]/Q (HIGH)

 There are 4 register/latch pins with no clock driven by root clock pin: PURPLE_ALIEN_1/CS_reg[1]/Q (HIGH)

 There are 5 register/latch pins with no clock driven by root clock pin: PURPLE_ALIEN_2/CS_reg[0]/Q (HIGH)

 There are 5 register/latch pins with no clock driven by root clock pin: PURPLE_ALIEN_2/CS_reg[1]/Q (HIGH)

 There are 3 register/latch pins with no clock driven by root clock pin: PURPLE_ALIEN_3/CS_reg[0]/Q (HIGH)

 There are 3 register/latch pins with no clock driven by root clock pin: PURPLE_ALIEN_3/CS_reg[1]/Q (HIGH)

 There are 17 register/latch pins with no clock driven by root clock pin: RA1/OB_X_MOVE_UPDATE_reg[1]/Q (HIGH)

 There are 17 register/latch pins with no clock driven by root clock pin: RA1/OB_X_MOVE_UPDATE_reg[2]/Q (HIGH)

 There are 17 register/latch pins with no clock driven by root clock pin: RA1/OB_X_MOVE_UPDATE_reg[3]/Q (HIGH)

 There are 17 register/latch pins with no clock driven by root clock pin: RA1/OB_X_MOVE_UPDATE_reg[4]/Q (HIGH)

 There are 17 register/latch pins with no clock driven by root clock pin: RA1/OB_X_MOVE_UPDATE_reg[5]/Q (HIGH)

 There are 17 register/latch pins with no clock driven by root clock pin: RA1/OB_X_MOVE_UPDATE_reg[6]/Q (HIGH)

 There are 17 register/latch pins with no clock driven by root clock pin: RA1/OB_X_MOVE_UPDATE_reg[7]/Q (HIGH)

 There are 17 register/latch pins with no clock driven by root clock pin: RA1/OB_X_MOVE_UPDATE_reg[8]/Q (HIGH)

 There are 17 register/latch pins with no clock driven by root clock pin: RA1/OB_X_MOVE_UPDATE_reg[9]/Q (HIGH)

 There are 17 register/latch pins with no clock driven by root clock pin: RA1/OB_Y_MOVE_UPDATE_reg[0]/Q (HIGH)

 There are 17 register/latch pins with no clock driven by root clock pin: RA1/OB_Y_MOVE_UPDATE_reg[1]/Q (HIGH)

 There are 17 register/latch pins with no clock driven by root clock pin: RA1/OB_Y_MOVE_UPDATE_reg[2]/Q (HIGH)

 There are 17 register/latch pins with no clock driven by root clock pin: RA1/OB_Y_MOVE_UPDATE_reg[3]/Q (HIGH)

 There are 17 register/latch pins with no clock driven by root clock pin: RA1/OB_Y_MOVE_UPDATE_reg[4]/Q (HIGH)

 There are 17 register/latch pins with no clock driven by root clock pin: RA1/OB_Y_MOVE_UPDATE_reg[5]/Q (HIGH)

 There are 17 register/latch pins with no clock driven by root clock pin: RA1/OB_Y_MOVE_UPDATE_reg[6]/Q (HIGH)

 There are 17 register/latch pins with no clock driven by root clock pin: RA1/OB_Y_MOVE_UPDATE_reg[7]/Q (HIGH)

 There are 17 register/latch pins with no clock driven by root clock pin: RA1/OB_Y_MOVE_UPDATE_reg[8]/Q (HIGH)

 There are 17 register/latch pins with no clock driven by root clock pin: RA1/OB_Y_MOVE_UPDATE_reg[9]/Q (HIGH)

 There are 17 register/latch pins with no clock driven by root clock pin: RA2/OB_X_MOVE_UPDATE_reg[1]/Q (HIGH)

 There are 17 register/latch pins with no clock driven by root clock pin: RA2/OB_X_MOVE_UPDATE_reg[2]/Q (HIGH)

 There are 17 register/latch pins with no clock driven by root clock pin: RA2/OB_X_MOVE_UPDATE_reg[3]/Q (HIGH)

 There are 17 register/latch pins with no clock driven by root clock pin: RA2/OB_X_MOVE_UPDATE_reg[4]/Q (HIGH)

 There are 17 register/latch pins with no clock driven by root clock pin: RA2/OB_X_MOVE_UPDATE_reg[5]/Q (HIGH)

 There are 17 register/latch pins with no clock driven by root clock pin: RA2/OB_X_MOVE_UPDATE_reg[6]/Q (HIGH)

 There are 17 register/latch pins with no clock driven by root clock pin: RA2/OB_X_MOVE_UPDATE_reg[7]/Q (HIGH)

 There are 17 register/latch pins with no clock driven by root clock pin: RA2/OB_X_MOVE_UPDATE_reg[8]/Q (HIGH)

 There are 17 register/latch pins with no clock driven by root clock pin: RA2/OB_X_MOVE_UPDATE_reg[9]/Q (HIGH)

 There are 17 register/latch pins with no clock driven by root clock pin: RA2/OB_Y_MOVE_UPDATE_reg[1]/Q (HIGH)

 There are 17 register/latch pins with no clock driven by root clock pin: RA2/OB_Y_MOVE_UPDATE_reg[2]/Q (HIGH)

 There are 17 register/latch pins with no clock driven by root clock pin: RA2/OB_Y_MOVE_UPDATE_reg[3]/Q (HIGH)

 There are 17 register/latch pins with no clock driven by root clock pin: RA2/OB_Y_MOVE_UPDATE_reg[4]/Q (HIGH)

 There are 17 register/latch pins with no clock driven by root clock pin: RA2/OB_Y_MOVE_UPDATE_reg[5]/Q (HIGH)

 There are 17 register/latch pins with no clock driven by root clock pin: RA2/OB_Y_MOVE_UPDATE_reg[6]/Q (HIGH)

 There are 17 register/latch pins with no clock driven by root clock pin: RA2/OB_Y_MOVE_UPDATE_reg[7]/Q (HIGH)

 There are 17 register/latch pins with no clock driven by root clock pin: RA2/OB_Y_MOVE_UPDATE_reg[8]/Q (HIGH)

 There are 17 register/latch pins with no clock driven by root clock pin: RA2/OB_Y_MOVE_UPDATE_reg[9]/Q (HIGH)

 There are 17 register/latch pins with no clock driven by root clock pin: RA3/OB_EN2/P[0] (HIGH)

 There are 17 register/latch pins with no clock driven by root clock pin: RA3/OB_EN2/P[1] (HIGH)

 There are 17 register/latch pins with no clock driven by root clock pin: RA3/OB_EN2/P[2] (HIGH)

 There are 17 register/latch pins with no clock driven by root clock pin: RA3/OB_EN2/P[3] (HIGH)

 There are 17 register/latch pins with no clock driven by root clock pin: RA3/OB_EN2/P[4] (HIGH)

 There are 17 register/latch pins with no clock driven by root clock pin: RA3/OB_EN2/P[5] (HIGH)

 There are 17 register/latch pins with no clock driven by root clock pin: RA3/OB_EN2/P[6] (HIGH)

 There are 17 register/latch pins with no clock driven by root clock pin: RA3/OB_EN2/P[7] (HIGH)

 There are 17 register/latch pins with no clock driven by root clock pin: RA3/OB_EN2/P[8] (HIGH)

 There are 17 register/latch pins with no clock driven by root clock pin: RA3/OB_EN2/P[9] (HIGH)

 There are 17 register/latch pins with no clock driven by root clock pin: RA3/OB_X_MOVE_UPDATE_reg[1]/Q (HIGH)

 There are 17 register/latch pins with no clock driven by root clock pin: RA3/OB_X_MOVE_UPDATE_reg[2]/Q (HIGH)

 There are 17 register/latch pins with no clock driven by root clock pin: RA3/OB_X_MOVE_UPDATE_reg[3]/Q (HIGH)

 There are 17 register/latch pins with no clock driven by root clock pin: RA3/OB_X_MOVE_UPDATE_reg[4]/Q (HIGH)

 There are 17 register/latch pins with no clock driven by root clock pin: RA3/OB_X_MOVE_UPDATE_reg[5]/Q (HIGH)

 There are 17 register/latch pins with no clock driven by root clock pin: RA3/OB_X_MOVE_UPDATE_reg[6]/Q (HIGH)

 There are 17 register/latch pins with no clock driven by root clock pin: RA3/OB_X_MOVE_UPDATE_reg[7]/Q (HIGH)

 There are 17 register/latch pins with no clock driven by root clock pin: RA3/OB_X_MOVE_UPDATE_reg[8]/Q (HIGH)

 There are 17 register/latch pins with no clock driven by root clock pin: RA3/OB_X_MOVE_UPDATE_reg[9]/Q (HIGH)

 There are 4 register/latch pins with no clock driven by root clock pin: RED_ALIEN_1/CS_reg[0]/Q (HIGH)

 There are 4 register/latch pins with no clock driven by root clock pin: RED_ALIEN_1/CS_reg[1]/Q (HIGH)

 There are 5 register/latch pins with no clock driven by root clock pin: RED_ALIEN_2/CS_reg[0]/Q (HIGH)

 There are 5 register/latch pins with no clock driven by root clock pin: RED_ALIEN_2/CS_reg[1]/Q (HIGH)

 There are 3 register/latch pins with no clock driven by root clock pin: RED_ALIEN_3/CS_reg[0]/Q (HIGH)

 There are 3 register/latch pins with no clock driven by root clock pin: RED_ALIEN_3/CS_reg[1]/Q (HIGH)

 There are 17 register/latch pins with no clock driven by root clock pin: X/OB_EN2/P[0] (HIGH)

 There are 17 register/latch pins with no clock driven by root clock pin: X/OB_EN2/P[1] (HIGH)

 There are 17 register/latch pins with no clock driven by root clock pin: X/OB_EN2/P[2] (HIGH)

 There are 17 register/latch pins with no clock driven by root clock pin: X/OB_EN2/P[3] (HIGH)

 There are 17 register/latch pins with no clock driven by root clock pin: X/OB_EN2/P[4] (HIGH)

 There are 17 register/latch pins with no clock driven by root clock pin: X/OB_EN2/P[5] (HIGH)

 There are 17 register/latch pins with no clock driven by root clock pin: X/OB_EN2/P[6] (HIGH)

 There are 17 register/latch pins with no clock driven by root clock pin: X/OB_EN2/P[7] (HIGH)

 There are 17 register/latch pins with no clock driven by root clock pin: X/OB_EN2/P[8] (HIGH)

 There are 17 register/latch pins with no clock driven by root clock pin: X/OB_EN2/P[9] (HIGH)

 There are 17 register/latch pins with no clock driven by root clock pin: X/OB_EN3/P[0] (HIGH)

 There are 17 register/latch pins with no clock driven by root clock pin: X/OB_EN3/P[1] (HIGH)

 There are 17 register/latch pins with no clock driven by root clock pin: X/OB_EN3/P[2] (HIGH)

 There are 17 register/latch pins with no clock driven by root clock pin: X/OB_EN3/P[3] (HIGH)

 There are 17 register/latch pins with no clock driven by root clock pin: X/OB_EN3/P[4] (HIGH)

 There are 17 register/latch pins with no clock driven by root clock pin: X/OB_EN3/P[5] (HIGH)

 There are 17 register/latch pins with no clock driven by root clock pin: X/OB_EN3/P[6] (HIGH)

 There are 17 register/latch pins with no clock driven by root clock pin: X/OB_EN3/P[7] (HIGH)

 There are 17 register/latch pins with no clock driven by root clock pin: X/OB_EN3/P[8] (HIGH)

 There are 17 register/latch pins with no clock driven by root clock pin: X/OB_EN3/P[9] (HIGH)

 There are 17 register/latch pins with no clock driven by root clock pin: Y/OB_EN2/P[0] (HIGH)

 There are 17 register/latch pins with no clock driven by root clock pin: Y/OB_EN2/P[1] (HIGH)

 There are 17 register/latch pins with no clock driven by root clock pin: Y/OB_EN2/P[2] (HIGH)

 There are 17 register/latch pins with no clock driven by root clock pin: Y/OB_EN2/P[3] (HIGH)

 There are 17 register/latch pins with no clock driven by root clock pin: Y/OB_EN2/P[4] (HIGH)

 There are 17 register/latch pins with no clock driven by root clock pin: Y/OB_EN2/P[5] (HIGH)

 There are 17 register/latch pins with no clock driven by root clock pin: Y/OB_EN2/P[6] (HIGH)

 There are 17 register/latch pins with no clock driven by root clock pin: Y/OB_EN2/P[7] (HIGH)

 There are 17 register/latch pins with no clock driven by root clock pin: Y/OB_EN2/P[8] (HIGH)

 There are 17 register/latch pins with no clock driven by root clock pin: Y/OB_EN2/P[9] (HIGH)

 There are 17 register/latch pins with no clock driven by root clock pin: Y/OB_EN3/P[0] (HIGH)

 There are 17 register/latch pins with no clock driven by root clock pin: Y/OB_EN3/P[1] (HIGH)

 There are 17 register/latch pins with no clock driven by root clock pin: Y/OB_EN3/P[2] (HIGH)

 There are 17 register/latch pins with no clock driven by root clock pin: Y/OB_EN3/P[3] (HIGH)

 There are 17 register/latch pins with no clock driven by root clock pin: Y/OB_EN3/P[4] (HIGH)

 There are 17 register/latch pins with no clock driven by root clock pin: Y/OB_EN3/P[5] (HIGH)

 There are 17 register/latch pins with no clock driven by root clock pin: Y/OB_EN3/P[6] (HIGH)

 There are 17 register/latch pins with no clock driven by root clock pin: Y/OB_EN3/P[7] (HIGH)

 There are 17 register/latch pins with no clock driven by root clock pin: Y/OB_EN3/P[8] (HIGH)

 There are 17 register/latch pins with no clock driven by root clock pin: Y/OB_EN3/P[9] (HIGH)

 There are 3 register/latch pins with no clock driven by root clock pin: ct/CS_reg[0]/Q (HIGH)

 There are 3 register/latch pins with no clock driven by root clock pin: ct/CS_reg[1]/Q (HIGH)

 There are 17 register/latch pins with no clock driven by root clock pin: ct/EN_EX_reg/Q (HIGH)

 There are 17 register/latch pins with no clock driven by root clock pin: hc/HCNT_reg[0]/Q (HIGH)

 There are 17 register/latch pins with no clock driven by root clock pin: hc/HCNT_reg[1]/Q (HIGH)

 There are 17 register/latch pins with no clock driven by root clock pin: hc/HCNT_reg[2]/Q (HIGH)

 There are 17 register/latch pins with no clock driven by root clock pin: hc/HCNT_reg[3]/Q (HIGH)

 There are 17 register/latch pins with no clock driven by root clock pin: hc/HCNT_reg[4]/Q (HIGH)

 There are 17 register/latch pins with no clock driven by root clock pin: hc/HCNT_reg[5]/Q (HIGH)

 There are 17 register/latch pins with no clock driven by root clock pin: hc/HCNT_reg[6]/Q (HIGH)

 There are 17 register/latch pins with no clock driven by root clock pin: hc/HCNT_reg[7]/Q (HIGH)

 There are 17 register/latch pins with no clock driven by root clock pin: hc/HCNT_reg[8]/Q (HIGH)

 There are 17 register/latch pins with no clock driven by root clock pin: hc/HCNT_reg[9]/Q (HIGH)

 There are 17 register/latch pins with no clock driven by root clock pin: nolabel_line477/BUTTONS_reg[1]/Q (HIGH)

 There are 32 register/latch pins with no clock driven by root clock pin: osc/SIGNAL_reg/Q (HIGH)

 There are 41 register/latch pins with no clock driven by root clock pin: pc/SIGNAL_reg/Q (HIGH)

 There are 235 register/latch pins with no clock driven by root clock pin: sc/SIGNAL_reg/Q (HIGH)

 There are 2 register/latch pins with no clock driven by root clock pin: sgcl/SIGNAL_reg/Q (HIGH)

 There are 53 register/latch pins with no clock driven by root clock pin: spic/SIGNAL_reg/Q (HIGH)

 There are 37 register/latch pins with no clock driven by root clock pin: spiint/readMe_reg/Q (HIGH)

 There are 17 register/latch pins with no clock driven by root clock pin: ss/OB_X_MOVE_UPDATE_reg[1]/Q (HIGH)

 There are 17 register/latch pins with no clock driven by root clock pin: ss/OB_X_MOVE_UPDATE_reg[2]/Q (HIGH)

 There are 17 register/latch pins with no clock driven by root clock pin: ss/OB_X_MOVE_UPDATE_reg[3]/Q (HIGH)

 There are 17 register/latch pins with no clock driven by root clock pin: ss/OB_X_MOVE_UPDATE_reg[4]/Q (HIGH)

 There are 17 register/latch pins with no clock driven by root clock pin: ss/OB_X_MOVE_UPDATE_reg[5]/Q (HIGH)

 There are 17 register/latch pins with no clock driven by root clock pin: ss/OB_X_MOVE_UPDATE_reg[6]/Q (HIGH)

 There are 17 register/latch pins with no clock driven by root clock pin: ss/OB_X_MOVE_UPDATE_reg[7]/Q (HIGH)

 There are 17 register/latch pins with no clock driven by root clock pin: ss/OB_X_MOVE_UPDATE_reg[8]/Q (HIGH)

 There are 17 register/latch pins with no clock driven by root clock pin: ss/OB_X_MOVE_UPDATE_reg[9]/Q (HIGH)

 There are 17 register/latch pins with no clock driven by root clock pin: ss/OB_Y_MOVE_UPDATE_reg[1]/Q (HIGH)

 There are 17 register/latch pins with no clock driven by root clock pin: ss/OB_Y_MOVE_UPDATE_reg[2]/Q (HIGH)

 There are 17 register/latch pins with no clock driven by root clock pin: ss/OB_Y_MOVE_UPDATE_reg[3]/Q (HIGH)

 There are 17 register/latch pins with no clock driven by root clock pin: ss/OB_Y_MOVE_UPDATE_reg[4]/Q (HIGH)

 There are 17 register/latch pins with no clock driven by root clock pin: ss/OB_Y_MOVE_UPDATE_reg[5]/Q (HIGH)

 There are 17 register/latch pins with no clock driven by root clock pin: ss/OB_Y_MOVE_UPDATE_reg[6]/Q (HIGH)

 There are 17 register/latch pins with no clock driven by root clock pin: ss/OB_Y_MOVE_UPDATE_reg[7]/Q (HIGH)

 There are 17 register/latch pins with no clock driven by root clock pin: ss/OB_Y_MOVE_UPDATE_reg[8]/Q (HIGH)

 There are 17 register/latch pins with no clock driven by root clock pin: ss/OB_Y_MOVE_UPDATE_reg[9]/Q (HIGH)

 There are 17 register/latch pins with no clock driven by root clock pin: ts/FSM_sequential_CS_reg[0]/Q (HIGH)

 There are 17 register/latch pins with no clock driven by root clock pin: ts/FSM_sequential_CS_reg[1]/Q (HIGH)

 There are 17 register/latch pins with no clock driven by root clock pin: vc/VCNT_reg[0]/Q (HIGH)

 There are 17 register/latch pins with no clock driven by root clock pin: vc/VCNT_reg[1]/Q (HIGH)

 There are 17 register/latch pins with no clock driven by root clock pin: vc/VCNT_reg[2]/Q (HIGH)

 There are 17 register/latch pins with no clock driven by root clock pin: vc/VCNT_reg[3]/Q (HIGH)

 There are 17 register/latch pins with no clock driven by root clock pin: vc/VCNT_reg[4]/Q (HIGH)

 There are 17 register/latch pins with no clock driven by root clock pin: vc/VCNT_reg[5]/Q (HIGH)

 There are 17 register/latch pins with no clock driven by root clock pin: vc/VCNT_reg[6]/Q (HIGH)

 There are 17 register/latch pins with no clock driven by root clock pin: vc/VCNT_reg[7]/Q (HIGH)

 There are 17 register/latch pins with no clock driven by root clock pin: vc/VCNT_reg[8]/Q (HIGH)

 There are 17 register/latch pins with no clock driven by root clock pin: vc/VCNT_reg[9]/Q (HIGH)


2. checking constant_clock
--------------------------
 There are 0 register/latch pins with constant_clock.


3. checking pulse_width_clock
-----------------------------
 There are 0 register/latch pins which need pulse_width check


4. checking unconstrained_internal_endpoints
--------------------------------------------
 There are 900 pins that are not constrained for maximum delay. (HIGH)

 There are 0 pins that are not constrained for maximum delay due to constant clock.


5. checking no_input_delay
--------------------------
 There are 4 input ports with no input delay specified. (HIGH)

 There are 0 input ports with no input delay but user has a false path constraint.


6. checking no_output_delay
---------------------------
 There are 28 ports with no output delay specified. (HIGH)

 There are 0 ports with no output delay but user has a false path constraint

 There are 0 ports with no output delay but with a timing clock defined on it or propagating through it


7. checking multiple_clock
--------------------------
 There are 0 register/latch pins with multiple clocks.


8. checking generated_clocks
----------------------------
 There are 0 generated clocks that are not connected to a clock source.


9. checking loops
-----------------
 There are 0 combinational loops in the design.


10. checking partial_input_delay
--------------------------------
 There are 0 input ports with partial input delay specified.


11. checking partial_output_delay
---------------------------------
 There are 0 ports with partial output delay specified.


12. checking latch_loops
------------------------
 There are 0 combinational latch loops in the design through latch input



------------------------------------------------------------------------------------------------
| Design Timing Summary
| ---------------------
------------------------------------------------------------------------------------------------

    WNS(ns)      TNS(ns)  TNS Failing Endpoints  TNS Total Endpoints      WHS(ns)      THS(ns)  THS Failing Endpoints  THS Total Endpoints     WPWS(ns)     TPWS(ns)  TPWS Failing Endpoints  TPWS Total Endpoints  
    -------      -------  ---------------------  -------------------      -------      -------  ---------------------  -------------------     --------     --------  ----------------------  --------------------  
      4.513        0.000                      0                 1156        0.093        0.000                      0                 1156        4.500        0.000                       0                   602  


All user specified timing constraints are met.


------------------------------------------------------------------------------------------------
| Clock Summary
| -------------
------------------------------------------------------------------------------------------------

Clock        Waveform(ns)       Period(ns)      Frequency(MHz)
-----        ------------       ----------      --------------
sys_clk_pin  {0.000 5.000}      10.000          100.000         


------------------------------------------------------------------------------------------------
| Intra Clock Table
| -----------------
------------------------------------------------------------------------------------------------

Clock             WNS(ns)      TNS(ns)  TNS Failing Endpoints  TNS Total Endpoints      WHS(ns)      THS(ns)  THS Failing Endpoints  THS Total Endpoints     WPWS(ns)     TPWS(ns)  TPWS Failing Endpoints  TPWS Total Endpoints  
-----             -------      -------  ---------------------  -------------------      -------      -------  ---------------------  -------------------     --------     --------  ----------------------  --------------------  
sys_clk_pin         4.513        0.000                      0                 1156        0.093        0.000                      0                 1156        4.500        0.000                       0                   602  


------------------------------------------------------------------------------------------------
| Inter Clock Table
| -----------------
------------------------------------------------------------------------------------------------

From Clock    To Clock          WNS(ns)      TNS(ns)  TNS Failing Endpoints  TNS Total Endpoints      WHS(ns)      THS(ns)  THS Failing Endpoints  THS Total Endpoints  
----------    --------          -------      -------  ---------------------  -------------------      -------      -------  ---------------------  -------------------  


------------------------------------------------------------------------------------------------
| Other Path Groups Table
| -----------------------
------------------------------------------------------------------------------------------------

Path Group    From Clock    To Clock          WNS(ns)      TNS(ns)  TNS Failing Endpoints  TNS Total Endpoints      WHS(ns)      THS(ns)  THS Failing Endpoints  THS Total Endpoints  
----------    ----------    --------          -------      -------  ---------------------  -------------------      -------      -------  ---------------------  -------------------  


------------------------------------------------------------------------------------------------
| Timing Details
| --------------
------------------------------------------------------------------------------------------------


---------------------------------------------------------------------------------------------------
From Clock:  sys_clk_pin
  To Clock:  sys_clk_pin

Setup :            0  Failing Endpoints,  Worst Slack        4.513ns,  Total Violation        0.000ns
Hold  :            0  Failing Endpoints,  Worst Slack        0.093ns,  Total Violation        0.000ns
PW    :            0  Failing Endpoints,  Worst Slack        4.500ns,  Total Violation        0.000ns
---------------------------------------------------------------------------------------------------


Max Delay Paths
--------------------------------------------------------------------------------------
Slack (MET) :             4.513ns  (required time - arrival time)
  Source:                 PURPLE_ALIEN_1/tecl/COUNT_reg[14]/C
                            (rising edge-triggered cell FDCE clocked by sys_clk_pin  {rise@0.000ns fall@5.000ns period=10.000ns})
  Destination:            PURPLE_ALIEN_1/tecl/COUNT_reg[0]/CE
                            (rising edge-triggered cell FDCE clocked by sys_clk_pin  {rise@0.000ns fall@5.000ns period=10.000ns})
  Path Group:             sys_clk_pin
  Path Type:              Setup (Max at Slow Process Corner)
  Requirement:            10.000ns  (sys_clk_pin rise@10.000ns - sys_clk_pin rise@0.000ns)
  Data Path Delay:        5.255ns  (logic 1.138ns (21.655%)  route 4.117ns (78.345%))
  Logic Levels:           5  (LUT3=1 LUT4=1 LUT5=1 LUT6=2)
  Clock Path Skew:        -0.027ns (DCD - SCD + CPR)
    Destination Clock Delay (DCD):    4.929ns = ( 14.929 - 10.000 ) 
    Source Clock Delay      (SCD):    5.232ns
    Clock Pessimism Removal (CPR):    0.276ns
  Clock Uncertainty:      0.035ns  ((TSJ^2 + TIJ^2)^1/2 + DJ) / 2 + PE
    Total System Jitter     (TSJ):    0.071ns
    Total Input Jitter      (TIJ):    0.000ns
    Discrete Jitter          (DJ):    0.000ns
    Phase Error              (PE):    0.000ns

    Location             Delay type                Incr(ns)  Path(ns)    Netlist Resource(s)
  -------------------------------------------------------------------    -------------------
                         (clock sys_clk_pin rise edge)
                                                      0.000     0.000 r  
    E3                                                0.000     0.000 r  CLK (IN)
                         net (fo=0)                   0.000     0.000    CLK
    E3                   IBUF (Prop_ibuf_I_O)         1.482     1.482 r  CLK_IBUF_inst/O
                         net (fo=1, routed)           2.025     3.506    CLK_IBUF
    BUFGCTRL_X0Y16       BUFG (Prop_bufg_I_O)         0.096     3.602 r  CLK_IBUF_BUFG_inst/O
                         net (fo=601, routed)         1.629     5.232    PURPLE_ALIEN_1/tecl/CLK_IBUF_BUFG
    SLICE_X60Y92         FDCE                                         r  PURPLE_ALIEN_1/tecl/COUNT_reg[14]/C
  -------------------------------------------------------------------    -------------------
    SLICE_X60Y92         FDCE (Prop_fdce_C_Q)         0.518     5.750 r  PURPLE_ALIEN_1/tecl/COUNT_reg[14]/Q
                         net (fo=2, routed)           0.821     6.571    PURPLE_ALIEN_1/tecl/COUNT[14]
    SLICE_X60Y92         LUT4 (Prop_lut4_I1_O)        0.124     6.695 f  PURPLE_ALIEN_1/tecl/COUNT[31]_i_10__10/O
                         net (fo=1, routed)           0.648     7.343    PURPLE_ALIEN_1/tecl/COUNT[31]_i_10__10_n_0
    SLICE_X62Y90         LUT5 (Prop_lut5_I4_O)        0.124     7.467 f  PURPLE_ALIEN_1/tecl/COUNT[31]_i_8__10/O
                         net (fo=1, routed)           0.526     7.993    PURPLE_ALIEN_1/tecl/COUNT[31]_i_8__10_n_0
    SLICE_X60Y89         LUT6 (Prop_lut6_I5_O)        0.124     8.117 f  PURPLE_ALIEN_1/tecl/COUNT[31]_i_4__10/O
                         net (fo=1, routed)           0.448     8.565    PURPLE_ALIEN_1/tecl/COUNT[31]_i_4__10_n_0
    SLICE_X60Y93         LUT6 (Prop_lut6_I0_O)        0.124     8.689 f  PURPLE_ALIEN_1/tecl/COUNT[31]_i_3__10/O
                         net (fo=34, routed)          0.757     9.446    PURPLE_ALIEN_1/tecl/COUNT[31]_i_3__10_n_0
    SLICE_X64Y92         LUT3 (Prop_lut3_I0_O)        0.124     9.570 r  PURPLE_ALIEN_1/tecl/COUNT[31]_i_1__10/O
                         net (fo=32, routed)          0.917    10.487    PURPLE_ALIEN_1/tecl/COUNT_0
    SLICE_X60Y88         FDCE                                         r  PURPLE_ALIEN_1/tecl/COUNT_reg[0]/CE
  -------------------------------------------------------------------    -------------------

                         (clock sys_clk_pin rise edge)
                                                     10.000    10.000 r  
    E3                                                0.000    10.000 r  CLK (IN)
                         net (fo=0)                   0.000    10.000    CLK
    E3                   IBUF (Prop_ibuf_I_O)         1.411    11.411 r  CLK_IBUF_inst/O
                         net (fo=1, routed)           1.920    13.331    CLK_IBUF
    BUFGCTRL_X0Y16       BUFG (Prop_bufg_I_O)         0.091    13.422 r  CLK_IBUF_BUFG_inst/O
                         net (fo=601, routed)         1.506    14.929    PURPLE_ALIEN_1/tecl/CLK_IBUF_BUFG
    SLICE_X60Y88         FDCE                                         r  PURPLE_ALIEN_1/tecl/COUNT_reg[0]/C
                         clock pessimism              0.276    15.205    
                         clock uncertainty           -0.035    15.169    
    SLICE_X60Y88         FDCE (Setup_fdce_C_CE)      -0.169    15.000    PURPLE_ALIEN_1/tecl/COUNT_reg[0]
  -------------------------------------------------------------------
                         required time                         15.000    
                         arrival time                         -10.487    
  -------------------------------------------------------------------
                         slack                                  4.513    





Min Delay Paths
--------------------------------------------------------------------------------------
Slack (MET) :             0.093ns  (arrival time - required time)
  Source:                 PURPLE_ALIEN_2/tecl/SIGNAL_reg/C
                            (rising edge-triggered cell FDCE clocked by sys_clk_pin  {rise@0.000ns fall@5.000ns period=10.000ns})
  Destination:            PURPLE_ALIEN_2/CS_reg[1]/D
                            (rising edge-triggered cell FDRE clocked by sys_clk_pin  {rise@0.000ns fall@5.000ns period=10.000ns})
  Path Group:             sys_clk_pin
  Path Type:              Hold (Min at Fast Process Corner)
  Requirement:            0.000ns  (sys_clk_pin rise@0.000ns - sys_clk_pin rise@0.000ns)
  Data Path Delay:        0.478ns  (logic 0.209ns (43.759%)  route 0.269ns (56.241%))
  Logic Levels:           1  (LUT3=1)
  Clock Path Skew:        0.278ns (DCD - SCD - CPR)
    Destination Clock Delay (DCD):    2.006ns
    Source Clock Delay      (SCD):    1.482ns
    Clock Pessimism Removal (CPR):    0.245ns

    Location             Delay type                Incr(ns)  Path(ns)    Netlist Resource(s)
  -------------------------------------------------------------------    -------------------
                         (clock sys_clk_pin rise edge)
                                                      0.000     0.000 r  
    E3                                                0.000     0.000 r  CLK (IN)
                         net (fo=0)                   0.000     0.000    CLK
    E3                   IBUF (Prop_ibuf_I_O)         0.250     0.250 r  CLK_IBUF_inst/O
                         net (fo=1, routed)           0.644     0.894    CLK_IBUF
    BUFGCTRL_X0Y16       BUFG (Prop_bufg_I_O)         0.026     0.920 r  CLK_IBUF_BUFG_inst/O
                         net (fo=601, routed)         0.563     1.482    PURPLE_ALIEN_2/tecl/CLK_IBUF_BUFG
    SLICE_X66Y100        FDCE                                         r  PURPLE_ALIEN_2/tecl/SIGNAL_reg/C
  -------------------------------------------------------------------    -------------------
    SLICE_X66Y100        FDCE (Prop_fdce_C_Q)         0.164     1.646 r  PURPLE_ALIEN_2/tecl/SIGNAL_reg/Q
                         net (fo=3, routed)           0.269     1.915    PURPLE_ALIEN_2/tecl/SIGNAL
    SLICE_X67Y99         LUT3 (Prop_lut3_I0_O)        0.045     1.960 r  PURPLE_ALIEN_2/tecl/CS[1]_i_1__6/O
                         net (fo=1, routed)           0.000     1.960    PURPLE_ALIEN_2/tecl_n_1
    SLICE_X67Y99         FDRE                                         r  PURPLE_ALIEN_2/CS_reg[1]/D
  -------------------------------------------------------------------    -------------------

                         (clock sys_clk_pin rise edge)
                                                      0.000     0.000 r  
    E3                                                0.000     0.000 r  CLK (IN)
                         net (fo=0)                   0.000     0.000    CLK
    E3                   IBUF (Prop_ibuf_I_O)         0.438     0.438 r  CLK_IBUF_inst/O
                         net (fo=1, routed)           0.699     1.136    CLK_IBUF
    BUFGCTRL_X0Y16       BUFG (Prop_bufg_I_O)         0.029     1.165 r  CLK_IBUF_BUFG_inst/O
                         net (fo=601, routed)         0.841     2.006    PURPLE_ALIEN_2/CLK_IBUF_BUFG
    SLICE_X67Y99         FDRE                                         r  PURPLE_ALIEN_2/CS_reg[1]/C
                         clock pessimism             -0.245     1.760    
    SLICE_X67Y99         FDRE (Hold_fdre_C_D)         0.107     1.867    PURPLE_ALIEN_2/CS_reg[1]
  -------------------------------------------------------------------
                         required time                         -1.867    
                         arrival time                           1.960    
  -------------------------------------------------------------------
                         slack                                  0.093    





Pulse Width Checks
--------------------------------------------------------------------------------------
Clock Name:         sys_clk_pin
Waveform(ns):       { 0.000 5.000 }
Period(ns):         10.000
Sources:            { CLK }

Check Type        Corner  Lib Pin             Reference Pin  Required(ns)  Actual(ns)  Slack(ns)  Location      Pin
Min Period        n/a     RAMB36E1/CLKARDCLK  n/a            2.576         10.000      7.424      RAMB36_X0Y19  g/U0/inst_blk_mem_gen/gnbram.gnativebmg.native_blk_mem_gen/valid.cstr/ramloop[0].ram.r/prim_init.ram/DEVICE_7SERIES.NO_BMM_INFO.SP.SIMPLE_PRIM36.ram/CLKARDCLK
Low Pulse Width   Slow    FDCE/C              n/a            0.500         5.000       4.500      SLICE_X60Y88  PURPLE_ALIEN_1/tecl/COUNT_reg[0]/C
High Pulse Width  Slow    FDRE/C              n/a            0.500         5.000       4.500      SLICE_X40Y88  ct/CS_reg[0]/C



