Copyright 1986-2017 Xilinx, Inc. All Rights Reserved.
------------------------------------------------------------------------------------
| Tool Version : Vivado v.2017.3 (win64) Build 2018833 Wed Oct  4 19:58:22 MDT 2017
| Date         : Fri Dec  1 12:05:11 2017
| Host         : Adoney running 64-bit major release  (build 9200)
| Command      : report_control_sets -file SPACE_GAME_control_sets_placed.rpt
| Design       : SPACE_GAME
| Device       : xc7a100t
------------------------------------------------------------------------------------

Control Set Information

Table of Contents
-----------------
1. Summary
2. Flip-Flop Distribution

1. Summary
----------

+-------------------------------+-------+
|             Status            | Count |
+-------------------------------+-------+
| Number of unique control sets |    31 |
+-------------------------------+-------+


2. Flip-Flop Distribution
-------------------------

+--------------+-----------------------+------------------------+-----------------+--------------+
| Clock Enable | Synchronous Set/Reset | Asynchronous Set/Reset | Total Registers | Total Slices |
+--------------+-----------------------+------------------------+-----------------+--------------+
| No           | No                    | No                     |              42 |           20 |
| No           | No                    | Yes                    |              41 |           25 |
| No           | Yes                   | No                     |              33 |            9 |
| Yes          | No                    | No                     |             159 |           59 |
| Yes          | No                    | Yes                    |              77 |           20 |
| Yes          | Yes                   | No                     |              30 |           12 |
+--------------+-----------------------+------------------------+-----------------+--------------+


